python : C:\Users\D-IT\Lib\
site-packages\rest_framewor
k_simplejwt\__init__.py:1: 
UserWarning: pkg_resources 
is deprecated as an API. 
See https://setuptools.pypa
.io/en/latest/pkg_resources
.html. The pkg_resources 
package is slated for 
removal as early as 
2025-11-30. Refrain from 
using this package or pin 
to Setuptools<81.
At line:1 char:1
+ python 
setup_attendance_data.py > 
error_log.txt 2>&1
+ ~~~~~~~~~~~~~~~~~~~~~~~~~
~~~~~~~~~~~~~~~~~~~~~~~~~~~
    + CategoryInfo         
     : NotSpecified: (C:\  
  Users\D-IT\L... Setupt   
 ools<81.:String) [], R    
emoteException
    + FullyQualifiedErrorI 
   d : NativeCommandError
 
  from pkg_resources 
import 
DistributionNotFound, 
get_distribution
Starting data setup...
Traceback (most recent 
call last):
  File "C:\Users\D-IT\Lib\s
ite-packages\django\db\back
ends\utils.py", line 89, 
in _execute
    return 
self.cursor.execute(sql, 
params)
           ~~~~~~~~~~~~~~~~
~~~^^^^^^^^^^^^^
psycopg2.errors.UndefinedCo
lumn: column schools.logo 
does not exist
LINE 1: ..., 
"schools"."status", "school
s"."license_expiry", 
"schools"....
                           
                           
       ^


The above exception was 
the direct cause of the 
following exception:

Traceback (most recent 
call last):
  File "C:\Users\D-IT\Deskt
op\sushil code\backend\setu
p_attendance_data.py", 
line 101, in <module>
    setup_data()
    ~~~~~~~~~~^^
  File "C:\Users\D-IT\Deskt
op\sushil code\backend\setu
p_attendance_data.py", 
line 22, in setup_data
    school = 
School.objects.first()
  File "C:\Users\D-IT\Lib\s
ite-packages\django\db\mode
ls\manager.py", line 87, 
in manager_method
    return getattr(self.get
_queryset(), name)(*args, 
**kwargs)
           ~~~~~~~~~~~~~~~~
~~~~~~~~~~~~~~~~~~^^^^^^^^^
^^^^^^^^
  File "C:\Users\D-IT\Lib\s
ite-packages\django\db\mode
ls\query.py", line 1057, 
in first
    for obj in 
queryset[:1]:
               ~~~~~~~~^^^^
  File "C:\Users\D-IT\Lib\s
ite-packages\django\db\mode
ls\query.py", line 398, in 
__iter__
    self._fetch_all()
    ~~~~~~~~~~~~~~~^^
  File "C:\Users\D-IT\Lib\s
ite-packages\django\db\mode
ls\query.py", line 1881, 
in _fetch_all
    self._result_cache = li
st(self._iterable_class(sel
f))
                         ~~
~~^^^^^^^^^^^^^^^^^^^^^^^^^
^^^
  File "C:\Users\D-IT\Lib\s
ite-packages\django\db\mode
ls\query.py", line 91, in 
__iter__
    results = 
compiler.execute_sql(
        chunked_fetch=self.
chunked_fetch, 
chunk_size=self.chunk_size
    )
  File "C:\Users\D-IT\Lib\s
ite-packages\django\db\mode
ls\sql\compiler.py", line 
1562, in execute_sql
    cursor.execute(sql, 
params)
    
~~~~~~~~~~~~~~^^^^^^^^^^^^^
  File "C:\Users\D-IT\Lib\s
ite-packages\django\db\back
ends\utils.py", line 102, 
in execute
    return 
super().execute(sql, 
params)
           ~~~~~~~~~~~~~~~^
^^^^^^^^^^^^
  File "C:\Users\D-IT\Lib\s
ite-packages\django\db\back
ends\utils.py", line 67, 
in execute
    return self._execute_wi
th_wrappers(
           ~~~~~~~~~~~~~~~~
~~~~~~~~~~~^
        sql, params, 
many=False, 
executor=self._execute
        ^^^^^^^^^^^^^^^^^^^
^^^^^^^^^^^^^^^^^^^^^^^^^^^
^
    )
    ^
  File "C:\Users\D-IT\Lib\s
ite-packages\django\db\back
ends\utils.py", line 80, 
in _execute_with_wrappers
    return executor(sql, 
params, many, context)
  File "C:\Users\D-IT\Lib\s
ite-packages\django\db\back
ends\utils.py", line 84, 
in _execute
    with self.db.wrap_datab
ase_errors:
         ^^^^^^^^^^^^^^^^^^
^^^^^^^^^^
  File "C:\Users\D-IT\Lib\s
ite-packages\django\db\util
s.py", line 91, in __exit__
    raise dj_exc_value.with
_traceback(traceback) from 
exc_value
  File "C:\Users\D-IT\Lib\s
ite-packages\django\db\back
ends\utils.py", line 89, 
in _execute
    return 
self.cursor.execute(sql, 
params)
           ~~~~~~~~~~~~~~~~
~~~^^^^^^^^^^^^^
django.db.utils.Programming
Error: column schools.logo 
does not exist
LINE 1: ..., 
"schools"."status", "school
s"."license_expiry", 
"schools"....
                           
                           
       ^

